components/ChatArea.tsx(161,64): error TS2345: Argument of type 'string | undefined' is not assignable to parameter of type 'string | Date'.
  Type 'undefined' is not assignable to type 'string | Date'.
